<?xml version="1.0" encoding="utf-8"?><testsuites><testsuite name="pytest" errors="0" failures="0" skipped="0" tests="105" time="71.819" timestamp="2026-08-22T15:33:14.261619" hostname="ip-172-31-11-200"><testcase classname="tests.test_api_store_webhooks.TestAPI" name="test_api_info_supports_envelope" time="0.571" /><testcase classname="tests.test_api_store_webhooks.TestAPI" name="test_api_current_user_requires_auth" time="0.435" /><testcase classname="tests.test_api_store_webhooks.TestAPI" name="test_api_current_user_accepts_valid_api_key" time="0.680" /><testcase classname="tests.test_api_store_webhooks.TestAPI" name="test_api_unknown_route_returns_json_404" time="0.433" /><testcase classname="tests.test_api_store_webhooks.TestStore" name="test_store_home_loads" time="1.111" /><testcase classname="tests.test_api_store_webhooks.TestStore" name="test_store_payment_creates_customer_charge_and_user" time="0.628" /><testcase classname="tests.test_api_store_webhooks.TestStripeWebhooks" name="test_subscription_deleted_downgrades_team" time="0.472" /><testcase classname="tests.test_api_store_webhooks.TestStripeWebhooks" name="test_subscription_created_sets_plan_and_customer" time="0.568" /><testcase classname="tests.test_api_store_webhooks.TestStripeWebhooks" name="test_subscription_updated_with_cancelled_downgrades_team" time="0.468" /><testcase classname="tests.test_api_store_webhooks.TestStripeWebhooks" name="test_checkout_completed_sets_subscription_on_team" time="0.459" /><testcase classname="tests.test_api_store_webhooks.TestStripeWebhooks" name="test_checkout_completed_with_unknown_team_returns_question_mark" time="0.439" /><testcase classname="tests.test_auth_extra.TestAuthAdditionalFlows" name="test_confirm_invalid_token_404" time="0.583" /><testcase classname="tests.test_auth_extra.TestAuthAdditionalFlows" name="test_confirm_email_logged_out_redirects_login" time="0.450" /><testcase classname="tests.test_auth_extra.TestAuthAdditionalFlows" name="test_confirm_email_logged_in_redirects_dashboard" time="0.970" /><testcase classname="tests.test_auth_extra.TestAuthAdditionalFlows" name="test_resend_confirmation_get_for_unconfirmed_user_raises_for_missing_template" time="0.792" /><testcase classname="tests.test_auth_extra.TestAuthAdditionalFlows" name="test_resend_confirmation_post_sends_email_and_redirects" time="0.801" /><testcase classname="tests.test_auth_extra.TestAuthAdditionalFlows" name="test_request_password_reset_redirects_logged_in_users" time="0.793" /><testcase classname="tests.test_auth_extra.TestAuthAdditionalFlows" name="test_request_password_reset_for_existing_user" time="0.565" /><testcase classname="tests.test_auth_extra.TestAuthAdditionalFlows" name="test_reset_password_invalid_code_forbidden" time="0.444" /><testcase classname="tests.test_auth_extra.TestAuthAdditionalFlows" name="test_reset_password_valid_code_updates_user" time="0.453" /><testcase classname="tests.test_auth_extra.TestAuthAdditionalFlows" name="test_reauth_post_with_valid_credentials_redirects_settings" time="0.555" /><testcase classname="tests.test_auth_extra.TestAuthAdditionalFlows" name="test_join_team_returns_404_for_non_matching_user" time="0.977" /><testcase classname="tests.test_auth_extra.TestAuthAdditionalFlows" name="test_join_team_activates_invite_for_owner" time="0.819" /><testcase classname="tests.test_auth_extra.TestAuthAdditionalFlows" name="test_invite_page_renders_for_guest_user" time="0.662" /><testcase classname="tests.test_auth_extra.TestAuthAdditionalFlows" name="test_invite_page_rejects_wrong_secret" time="0.621" /><testcase classname="tests.test_auth_extra.TestAuthAdditionalFlows" name="test_invite_page_redirects_owner_to_join" time="0.817" /><testcase classname="tests.test_config.TestConfig" name="test_dev_config" time="0.229" /><testcase classname="tests.test_config.TestConfig" name="test_test_config" time="0.085" /><testcase classname="tests.test_config.TestConfig" name="test_prod_config" time="0.080" /><testcase classname="tests.test_dashboard_actions.TestDashboardActions" name="test_dashboard_home_redirects_to_memberships_when_user_has_no_active_team" time="0.814" /><testcase classname="tests.test_dashboard_actions.TestDashboardActions" name="test_dashboard_home_404_for_team_non_member" time="0.960" /><testcase classname="tests.test_dashboard_actions.TestDashboardActions" name="test_team_dashboard_redirects_home_when_user_has_no_primary_membership" time="0.807" /><testcase classname="tests.test_dashboard_actions.TestDashboardActions" name="test_team_dashboard_404_for_team_non_member" time="0.954" /><testcase classname="tests.test_dashboard_actions.TestDashboardActions" name="test_add_member_404_for_invalid_team" time="0.952" /><testcase classname="tests.test_dashboard_actions.TestDashboardActions" name="test_add_member_blocks_when_plan_limit_reached" time="0.981" /><testcase classname="tests.test_dashboard_actions.TestDashboardActions" name="test_add_member_invalid_form_redirects" time="0.799" /><testcase classname="tests.test_dashboard_actions.TestDashboardActions" name="test_add_member_creates_invite" time="0.836" /><testcase classname="tests.test_dashboard_actions.TestDashboardActions" name="test_add_member_skips_existing_member" time="0.810" /><testcase classname="tests.test_dashboard_actions.TestDashboardActions" name="test_billing_portal_redirects_to_customer_portal" time="0.805" /><testcase classname="tests.test_dashboard_actions.TestDashboardActions" name="test_billing_portal_falls_back_to_settings_without_customer" time="0.795" /><testcase classname="tests.test_dashboard_actions.TestDashboardActions" name="test_billing_portal_404_for_invalid_team" time="0.947" /><testcase classname="tests.test_dashboard_actions.TestDashboardActions" name="test_remove_member_404_when_membership_not_found" time="1.100" /><testcase classname="tests.test_dashboard_actions.TestDashboardActions" name="test_remove_creator_is_blocked" time="0.954" /><testcase classname="tests.test_dashboard_actions.TestDashboardActions" name="test_remove_member_invalid_form_redirects" time="0.828" /><testcase classname="tests.test_dashboard_actions.TestDashboardActions" name="test_remove_pending_member_deletes_membership" time="0.849" /><testcase classname="tests.test_dashboard_actions.TestDashboardActions" name="test_remove_last_active_user_is_blocked" time="0.807" /><testcase classname="tests.test_dashboard_actions.TestDashboardActions" name="test_add_file_creates_team_file_record" time="0.841" /><testcase classname="tests.test_dashboard_actions.TestDashboardActions" name="test_files_dashboard_redirects_home_when_user_has_no_primary_membership" time="0.810" /><testcase classname="tests.test_dashboard_actions.TestDashboardActions" name="test_files_dashboard_404_for_team_non_member" time="1.102" /><testcase classname="tests.test_dashboard_actions.TestDashboardActions" name="test_add_file_404_for_invalid_team" time="0.954" /><testcase classname="tests.test_dashboard_actions.TestDashboardActions" name="test_add_file_invalid_form_raises_type_error" time="0.807" /><testcase classname="tests.test_dashboard_actions.TestDashboardActions" name="test_download_file_redirects_to_storage_url" time="0.835" /><testcase classname="tests.test_dashboard_actions.TestDashboardActions" name="test_download_file_404_when_storage_returns_none" time="1.013" /><testcase classname="tests.test_dashboard_actions.TestDashboardActions" name="test_destroy_file_404_for_invalid_team" time="0.957" /><testcase classname="tests.test_dashboard_actions.TestDashboardActions" name="test_destroy_file_removes_file_and_storage_object" time="0.847" /><testcase classname="tests.test_dashboard_actions.TestDashboardActions" name="test_destroy_file_removes_db_record_when_storage_object_missing" time="0.995" /><testcase classname="tests.test_login.TestLogin" name="test_login" time="0.785" /><testcase classname="tests.test_login.TestLogin" name="test_login_bad_email" time="0.620" /><testcase classname="tests.test_login.TestLogin" name="test_login_bad_password" time="0.734" /><testcase classname="tests.test_roles_session_admin.TestAdminJobsAuth" name="test_jobs_dashboard_requires_authentication" time="0.438" /><testcase classname="tests.test_roles_session_admin.TestAdminJobsAuth" name="test_jobs_dashboard_for_non_admin_returns_403" time="0.795" /><testcase classname="tests.test_roles_session_admin.TestSessionHelper" name="test_current_membership_defaults_to_first_active_membership" time="0.433" /><testcase classname="tests.test_roles_session_admin.TestSessionHelper" name="test_current_membership_returns_selected_membership" time="0.508" /><testcase classname="tests.test_roles_session_admin.TestSessionHelper" name="test_current_membership_redirects_when_session_membership_is_invalid" time="0.438" /><testcase classname="tests.test_services_billing_utils.TestGDPRExport" name="test_export_user_pii_json_includes_user_and_related_models" time="0.462" /><testcase classname="tests.test_services_billing_utils.TestGDPRExport" name="test_export_denies_non_admin_requesting_other_user" time="0.809" /><testcase classname="tests.test_services_billing_utils.TestGDPRExport" name="test_send_pii_export_builds_mail_with_attachment" time="0.643" /><testcase classname="tests.test_services_billing_utils.TestStripeService" name="test_create_customer_returns_existing_customer_id" time="0.462" /><testcase classname="tests.test_services_billing_utils.TestStripeService" name="test_create_customer_creates_and_persists_id" time="0.456" /><testcase classname="tests.test_services_billing_utils.TestStripeService" name="test_customer_portal_link" time="0.446" /><testcase classname="tests.test_services_billing_utils.TestStripeService" name="test_usage_reporting_and_subscription_item_listing" time="0.434" /><testcase classname="tests.test_services_billing_utils.TestStripeService" name="test_parse_webhook_uses_signature_header" time="0.433" /><testcase classname="tests.test_services_billing_utils.TestBillingPlans" name="test_free_plan_member_limit" time="0.450" /><testcase classname="tests.test_services_billing_utils.TestBillingPlans" name="test_metered_plan_records_usage" time="0.433" /><testcase classname="tests.test_services_billing_utils.TestBillingPlans" name="test_metered_plan_raises_when_subscription_item_missing" time="0.438" /><testcase classname="tests.test_services_billing_utils.TestBillingPlans" name="test_set_team_plan_updates_team_value" time="0.453" /><testcase classname="tests.test_services_billing_utils.TestUtilsAndMailers" name="test_math_helpers" time="0.441" /><testcase classname="tests.test_services_billing_utils.TestUtilsAndMailers" name="test_text_pluralize" time="0.435" /><testcase classname="tests.test_services_billing_utils.TestUtilsAndMailers" name="test_time_helpers" time="0.462" /><testcase classname="tests.test_services_billing_utils.TestUtilsAndMailers" name="test_token_helpers" time="0.433" /><testcase classname="tests.test_services_billing_utils.TestUtilsAndMailers" name="test_notification_mailer_send_renders_and_delivers" time="0.633" /><testcase classname="tests.test_signup_dashboard.TestSignupAndDashboard" name="test_signup_page_loads" time="0.614" /><testcase classname="tests.test_signup_dashboard.TestSignupAndDashboard" name="test_signup_creates_user_and_lands_on_dashboard" time="0.942" /><testcase classname="tests.test_signup_dashboard.TestSignupAndDashboard" name="test_signup_rejects_duplicate_email" time="0.630" /><testcase classname="tests.test_signup_dashboard.TestSignupAndDashboard" name="test_dashboard_home_loads_for_logged_in_user" time="0.966" /><testcase classname="tests.test_signup_dashboard.TestSignupAndDashboard" name="test_dashboard_team_page_loads_for_logged_in_user" time="1.010" /><testcase classname="tests.test_signup_dashboard.TestSignupAndDashboard" name="test_dashboard_files_page_loads_for_logged_in_user" time="1.022" /><testcase classname="tests.test_smoke" name="test_homepage_loads" time="0.628" /><testcase classname="tests.test_smoke" name="test_login_page_shows_mytemplate_branding" time="0.785" /><testcase classname="tests.test_smoke" name="test_user_can_log_in" time="0.809" /><testcase classname="tests.test_team.TestTeam" name="test_user_creation_of_team" time="0.325" /><testcase classname="tests.test_urls.TestURLs" name="test_home" time="0.622" /><testcase classname="tests.test_urls.TestURLs" name="test_login" time="0.612" /><testcase classname="tests.test_urls.TestURLs" name="test_logout" time="0.441" /><testcase classname="tests.test_urls.TestURLs" name="test_signup" time="0.610" /><testcase classname="tests.test_urls.TestURLs" name="test_dashboard_logged_out" time="0.446" /><testcase classname="tests.test_user.TestModels" name="test_user_save" time="0.560" /><testcase classname="tests.test_user.TestModels" name="test_user_password" time="0.679" /><testcase classname="tests.test_user.TestModels" name="test_user_group_creation" time="0.573" /><testcase classname="tests.test_user.TestModels" name="test_user_encryption" time="0.801" /><testcase classname="tests.test_user.TestModels" name="test_get_or_none_respects_soft_delete" time="0.579" /><testcase classname="tests.test_user.TestModels" name="test_query_with_deleted_can_fetch_deleted_rows" time="0.580" /><testcase classname="tests.test_user.TestModels" name="test_query_with_deleted_requires_identifier" time="0.435" /><testcase classname="tests.test_user.TestModels" name="test_model_serialization_and_delete_paths" time="0.588" /><testcase classname="tests.test_user.TestModels" name="test_transaction_rolls_back_on_exception" time="0.443" /></testsuite></testsuites>